--------------------------------------------------------------------------------
Release 14.2 Trace  (nt64)
Copyright (c) 1995-2012 Xilinx, Inc.  All rights reserved.

C:\Xilinx\14.2\ISE_DS\ISE\bin\nt64\unwrapped\trce.exe -intstyle ise -v 3 -s 3
-n 3 -fastpaths -xml doomsday.twx doomsday.ncd -o doomsday.twr doomsday.pcf
-ucf doomsday.ucf

Design file:              doomsday.ncd
Physical constraint file: doomsday.pcf
Device,package,speed:     xc6slx16,csg324,C,-3 (PRODUCTION 1.22 2012-07-09)
Report level:             verbose report

Environment Variable      Effect 
--------------------      ------ 
NONE                      No environment variables were set
--------------------------------------------------------------------------------

INFO:Timing:2698 - No timing constraints found, doing default enumeration.
INFO:Timing:3412 - To improve timing, see the Timing Closure User Guide (UG612).
INFO:Timing:2752 - To get complete path coverage, use the unconstrained paths 
   option. All paths that are not constrained will be reported in the 
   unconstrained paths section(s) of the report.
INFO:Timing:3339 - The clock-to-out numbers in this timing report are based on 
   a 50 Ohm transmission line loading model.  For the details of this model, 
   and for more information on accounting for different loading conditions, 
   please see the device datasheet.



Data Sheet report:
-----------------
All values displayed in nanoseconds (ns)

Setup/Hold to clock clk
------------+------------+------------+------------+------------+------------------+--------+
            |Max Setup to|  Process   |Max Hold to |  Process   |                  | Clock  |
Source      | clk (edge) |   Corner   | clk (edge) |   Corner   |Internal Clock(s) | Phase  |
------------+------------+------------+------------+------------+------------------+--------+
alarmcount  |    1.942(R)|      SLOW  |   -1.295(R)|      FAST  |clk_BUFGP         |   0.000|
alarmset    |    6.697(R)|      SLOW  |   -1.613(R)|      FAST  |clk_BUFGP         |   0.000|
countdown   |    2.840(R)|      SLOW  |   -0.533(R)|      SLOW  |clk_BUFGP         |   0.000|
countup     |    3.229(R)|      SLOW  |   -0.862(R)|      FAST  |clk_BUFGP         |   0.000|
increase    |    1.834(R)|      SLOW  |   -1.242(R)|      FAST  |clk_BUFGP         |   0.000|
reset       |    5.612(R)|      SLOW  |   -0.790(R)|      FAST  |clk_BUFGP         |   0.000|
timercount  |    1.090(R)|      FAST  |   -0.577(R)|      SLOW  |clk_BUFGP         |   0.000|
timerset    |    3.686(R)|      SLOW  |   -0.810(R)|      SLOW  |clk_BUFGP         |   0.000|
------------+------------+------------+------------+------------+------------------+--------+

Clock clk to Pad
------------+-----------------+------------+-----------------+------------+------------------+--------+
            |Max (slowest) clk|  Process   |Min (fastest) clk|  Process   |                  | Clock  |
Destination |  (edge) to PAD  |   Corner   |  (edge) to PAD  |   Corner   |Internal Clock(s) | Phase  |
------------+-----------------+------------+-----------------+------------+------------------+--------+
AN<0>       |         6.761(R)|      SLOW  |         3.444(R)|      FAST  |clk_BUFGP         |   0.000|
AN<1>       |         6.971(R)|      SLOW  |         3.554(R)|      FAST  |clk_BUFGP         |   0.000|
AN<2>       |         6.714(R)|      SLOW  |         3.432(R)|      FAST  |clk_BUFGP         |   0.000|
AN<3>       |         6.662(R)|      SLOW  |         3.379(R)|      FAST  |clk_BUFGP         |   0.000|
seg<0>      |         8.086(R)|      SLOW  |         4.290(R)|      FAST  |clk_BUFGP         |   0.000|
seg<1>      |         8.180(R)|      SLOW  |         4.399(R)|      FAST  |clk_BUFGP         |   0.000|
seg<2>      |         7.921(R)|      SLOW  |         4.165(R)|      FAST  |clk_BUFGP         |   0.000|
seg<3>      |         7.890(R)|      SLOW  |         4.141(R)|      FAST  |clk_BUFGP         |   0.000|
seg<4>      |         8.083(R)|      SLOW  |         4.279(R)|      FAST  |clk_BUFGP         |   0.000|
seg<5>      |         7.889(R)|      SLOW  |         4.140(R)|      FAST  |clk_BUFGP         |   0.000|
seg<6>      |         7.687(R)|      SLOW  |         4.025(R)|      FAST  |clk_BUFGP         |   0.000|
------------+-----------------+------------+-----------------+------------+------------------+--------+

Clock to Setup on destination clock clk
---------------+---------+---------+---------+---------+
               | Src:Rise| Src:Fall| Src:Rise| Src:Fall|
Source Clock   |Dest:Rise|Dest:Rise|Dest:Fall|Dest:Fall|
---------------+---------+---------+---------+---------+
clk            |    6.640|         |         |         |
---------------+---------+---------+---------+---------+


Analysis completed Thu Dec 10 12:31:54 2015 
--------------------------------------------------------------------------------

Trace Settings:
-------------------------
Trace Settings 

Peak Memory Usage: 225 MB



