--------------------------------------------------------------------------------
Release 14.2 Trace  (nt64)
Copyright (c) 1995-2012 Xilinx, Inc.  All rights reserved.

C:\Xilinx\14.2\ISE_DS\ISE\bin\nt64\unwrapped\trce.exe -intstyle ise -v 3 -s 3
-n 3 -fastpaths -xml doomsday.twx doomsday.ncd -o doomsday.twr doomsday.pcf
-ucf doomsday.ucf

Design file:              doomsday.ncd
Physical constraint file: doomsday.pcf
Device,package,speed:     xc6slx16,csg324,C,-3 (PRODUCTION 1.22 2012-07-09)
Report level:             verbose report

Environment Variable      Effect 
--------------------      ------ 
NONE                      No environment variables were set
--------------------------------------------------------------------------------

INFO:Timing:2698 - No timing constraints found, doing default enumeration.
INFO:Timing:3412 - To improve timing, see the Timing Closure User Guide (UG612).
INFO:Timing:2752 - To get complete path coverage, use the unconstrained paths 
   option. All paths that are not constrained will be reported in the 
   unconstrained paths section(s) of the report.
INFO:Timing:3339 - The clock-to-out numbers in this timing report are based on 
   a 50 Ohm transmission line loading model.  For the details of this model, 
   and for more information on accounting for different loading conditions, 
   please see the device datasheet.



Data Sheet report:
-----------------
All values displayed in nanoseconds (ns)

Setup/Hold to clock clk
------------+------------+------------+------------+------------+------------------+--------+
            |Max Setup to|  Process   |Max Hold to |  Process   |                  | Clock  |
Source      | clk (edge) |   Corner   | clk (edge) |   Corner   |Internal Clock(s) | Phase  |
------------+------------+------------+------------+------------+------------------+--------+
alarmset    |    3.688(R)|      SLOW  |   -1.363(R)|      FAST  |clk_BUFGP         |   0.000|
countdown   |    2.778(R)|      SLOW  |   -0.848(R)|      SLOW  |clk_BUFGP         |   0.000|
countup     |    3.247(R)|      SLOW  |   -0.698(R)|      SLOW  |clk_BUFGP         |   0.000|
increase    |    1.746(R)|      SLOW  |   -1.127(R)|      FAST  |clk_BUFGP         |   0.000|
reset       |    6.670(R)|      SLOW  |   -0.926(R)|      FAST  |clk_BUFGP         |   0.000|
timercount  |    1.459(R)|      FAST  |   -0.946(R)|      SLOW  |clk_BUFGP         |   0.000|
timerset    |    4.708(R)|      SLOW  |   -0.687(R)|      SLOW  |clk_BUFGP         |   0.000|
------------+------------+------------+------------+------------+------------------+--------+

Clock clk to Pad
------------+-----------------+------------+-----------------+------------+------------------+--------+
            |Max (slowest) clk|  Process   |Min (fastest) clk|  Process   |                  | Clock  |
Destination |  (edge) to PAD  |   Corner   |  (edge) to PAD  |   Corner   |Internal Clock(s) | Phase  |
------------+-----------------+------------+-----------------+------------+------------------+--------+
AN<0>       |         6.762(R)|      SLOW  |         3.445(R)|      FAST  |clk_BUFGP         |   0.000|
AN<1>       |         6.972(R)|      SLOW  |         3.555(R)|      FAST  |clk_BUFGP         |   0.000|
AN<2>       |         6.715(R)|      SLOW  |         3.433(R)|      FAST  |clk_BUFGP         |   0.000|
AN<3>       |         6.663(R)|      SLOW  |         3.380(R)|      FAST  |clk_BUFGP         |   0.000|
seg<0>      |         7.918(R)|      SLOW  |         4.177(R)|      FAST  |clk_BUFGP         |   0.000|
seg<1>      |         7.890(R)|      SLOW  |         4.177(R)|      FAST  |clk_BUFGP         |   0.000|
seg<2>      |         7.899(R)|      SLOW  |         4.184(R)|      FAST  |clk_BUFGP         |   0.000|
seg<3>      |         7.943(R)|      SLOW  |         4.256(R)|      FAST  |clk_BUFGP         |   0.000|
seg<4>      |         7.727(R)|      SLOW  |         4.076(R)|      FAST  |clk_BUFGP         |   0.000|
seg<5>      |         7.526(R)|      SLOW  |         3.966(R)|      FAST  |clk_BUFGP         |   0.000|
seg<6>      |         7.699(R)|      SLOW  |         4.052(R)|      FAST  |clk_BUFGP         |   0.000|
------------+-----------------+------------+-----------------+------------+------------------+--------+

Clock to Setup on destination clock clk
---------------+---------+---------+---------+---------+
               | Src:Rise| Src:Fall| Src:Rise| Src:Fall|
Source Clock   |Dest:Rise|Dest:Rise|Dest:Fall|Dest:Fall|
---------------+---------+---------+---------+---------+
clk            |    5.256|         |         |         |
---------------+---------+---------+---------+---------+


Analysis completed Fri Dec 11 13:06:49 2015 
--------------------------------------------------------------------------------

Trace Settings:
-------------------------
Trace Settings 

Peak Memory Usage: 224 MB



